data/runs/4bc0610b-c990-40c8-9736-4183b28f90dc/panel.csv
t,firm_id,price,cost,quantity,profit
0,2,3.0,1.0,2500.0,5000.0
1,2,3.019282654562745,1.0192826545627447,2503.455287267678,5006.910574535356
2,2,2.917421382413039,0.9174213824130392,2633.0046645654174,5266.009329130835
3,2,2.9587909300871047,0.9587909300871045,2613.709141985519,5227.418283971038
4,2,2.993641489985678,0.9936414899856781,2650.884637142404,5301.769274284808
5,2,2.9192047204350056,0.9192047204350053,2664.0108348670374,5328.021669734075
6,2,3.0053008189728976,1.0053008189728974,2669.2121588581817,5338.4243177163635
7,2,2.961450545673282,0.9614505456732819,2743.1793617336193,5486.358723467239
8,2,2.8940122335692684,0.8940122335692684,2779.532058798861,5559.064117597722
9,2,2.906127947979483,0.9061279479794833,2749.115416181182,5498.230832362363
10,2,3.145802499462744,1.145802499462744,2591.822714760384,5183.645429520767
11,2,3.0288486693974495,1.0288486693974492,2680.7122612395983,5361.424522479197
12,2,3.0554390367234205,1.0554390367234208,2706.0150228297975,5412.030045659594
13,2,3.164220747976773,1.1642207479767732,2652.991569415106,5305.983138830212
14,2,3.20259218993513,1.2025921899351297,2663.130876891476,5326.261753782952
15,2,3.355889326677902,1.3558893266779017,2629.107679623355,5258.21535924671
16,2,3.365034159621678,1.3650341596216782,2662.996494497732,5325.992988995464
17,2,3.301324649422839,1.301324649422839,2647.705965821226,5295.411931642452
18,2,3.2185079534909358,1.2185079534909358,2776.775053371466,5553.550106742932
19,2,3.1855804061095068,1.185580406109507,2802.7117755605686,5605.423551121136
20,2,3.374995906421095,1.374995906421095,2621.0135021204246,5242.027004240848
21,2,3.543214050234116,1.5432140502341158,2301.278032686877,4602.556065373754
22,2,3.610352297207003,1.6103522972070026,2230.3328740067923,4460.665748013585
23,2,3.4370692892132695,1.4370692892132693,2354.176671284179,4708.353342568358
24,2,3.5490146656965615,1.5490146656965615,2299.9930533301654,4599.986106660331
25,2,3.635959704370924,1.6359597043709238,2189.9373083408086,4379.874616681617
26,2,3.6365250432022345,1.6365250432022347,2209.3715182384,4418.743036476799
27,2,3.6164047369344985,1.6164047369344987,2198.3827839458527,4396.765567891704
28,2,3.698188029075448,1.698188029075448,2063.529215842104,4127.058431684207
29,2,3.7662887504567077,1.766288750456708,1971.5334126712426,3943.0668253424847
30,2,3.902616504935305,1.9026165049353054,1928.0713924218476,3856.1427848436947
31,2,3.877223788286087,1.877223788286087,1999.8843182597354,3999.768636519471
32,2,3.794436476671737,1.7944364766717367,2039.4809214375816,4078.9618428751633
33,2,3.9312147435433915,1.9312147435433915,1997.5829578968446,3995.1659157936892
34,2,3.9190390137135975,1.9190390137135975,2018.4008584195717,4036.8017168391434
35,2,3.8430849656745845,1.8430849656745845,2057.1902191705835,4114.380438341167
36,2,3.743229033157082,1.7432290331570819,2210.2272581360644,4420.454516272129
37,2,3.7893097184003857,1.7893097184003857,2242.475825795899,4484.951651591798
38,2,3.846913592518992,1.846913592518992,2304.534879068849,4609.069758137698
39,2,3.789790794010204,1.7897907940102038,2300.2370624377495,4600.474124875499
40,2,3.870796433472171,1.870796433472171,2272.884125304825,4545.76825060965
41,2,3.9947897843836584,1.9947897843836582,2146.433362524659,4292.866725049318
42,2,3.74711605540927,1.7471160554092702,2365.965853608614,4731.931707217228
43,2,3.846726459821301,1.846726459821301,2334.6602546563518,4669.3205093127035
44,2,3.8370289820067525,1.8370289820067522,2325.630624247087,4651.261248494174
45,2,3.837273377106503,1.8372733771065028,2322.1987215727877,4644.397443145575
46,2,3.698124069419884,1.698124069419884,2403.8370847702454,4807.674169540491
47,2,3.593197819559701,1.5931978195597007,2504.437832713691,5008.875665427382
48,2,3.5017019315005804,1.5017019315005804,2610.3553546791145,5220.710709358229
49,2,3.4305387799075167,1.4305387799075169,2666.635720521375,5333.271441042749
50,2,3.50819565280172,1.5081956528017202,2479.374884543035,4958.749769086069
51,2,3.3364748661829466,1.3364748661829464,2554.211613751275,5108.42322750255
52,2,3.2187688185801915,1.2187688185801915,2650.9487309749325,5301.897461949865
53,2,3.36818108631336,1.3681810863133597,2527.397525698141,5054.795051396282
54,2,3.441276993825876,1.4412769938258758,2468.7540673456397,4937.508134691279
55,2,3.562415870324645,1.5624158703246451,2271.6245100061583,4543.249020012316
56,2,3.7279181889461355,1.7279181889461355,2053.1524075174725,4106.304815034945
57,2,3.7473699301415477,1.747369930141548,2048.89881358865,4097.797627177299
58,2,3.625016262186734,1.6250162621867343,2191.2494085513144,4382.498817102628
59,2,3.6609295148464893,1.660929514846489,2098.3363980067343,4196.6727960134685
60,2,3.5918463884786878,1.5918463884786875,2121.35801373146,4242.71602746292
61,2,3.6669292760880143,1.6669292760880143,1987.2604069350568,3974.5208138701137
62,2,3.5448391009392184,1.5448391009392184,2124.661525545052,4249.323051090104
63,2,3.6242798041036695,1.6242798041036697,1960.8306436333814,3921.6612872667624
64,2,3.647660864932233,1.647660864932233,1944.6536031933647,3889.3072063867294
65,2,3.5087830819188683,1.5087830819188686,2107.3402812984978,4214.680562596995
66,2,3.5185543127283436,1.5185543127283438,2093.5536618317997,4187.107323663598
67,2,3.6797649477868104,1.6797649477868102,1959.1702942525858,3918.3405885051716
68,2,3.618591457299547,1.6185914572995472,2054.946539929766,4109.893079859531
69,2,3.559555335068377,1.5595553350683768,2199.908676311597,4399.817352623194
70,2,3.540672051270193,1.5406720512701928,2192.0536040821266,4384.107208164253
71,2,3.583780730384724,1.5837807303847238,2178.769358891739,4357.538717783478
72,2,3.541318704675972,1.5413187046759724,2161.3885031022896,4322.777006204578
73,2,3.525052106894427,1.5250521068944272,2144.1308579891997,4288.2617159783995
74,2,3.389914225789348,1.389914225789348,2263.997790932256,4527.995581864512
75,2,3.5097471304936865,1.5097471304936865,2183.479379224672,4366.958758449344
76,2,3.3120871857807543,1.3120871857807546,2296.0380327433572,4592.076065486714
77,2,3.225236194552157,1.2252361945521568,2338.1162305345565,4676.232461069113
78,2,3.353410529855616,1.353410529855616,2155.9560301472,4311.9120602944
79,2,3.2626323278894818,1.2626323278894818,2373.089918461814,4746.179836923628
80,2,3.3246631553118915,1.3246631553118913,2334.756629857506,4669.513259715012
81,2,3.4489148976350448,1.4489148976350446,2291.783999711649,4583.567999423298
82,2,3.4623262851462413,1.4623262851462413,2265.6524158251623,4531.304831650325
83,2,3.5593233645310844,1.5593233645310842,2174.6694878525213,4349.338975705043
84,2,3.310875786793071,1.3108757867930712,2522.9185558130366,5045.837111626072
85,2,3.253739075631232,1.2537390756312319,2588.441891777003,5176.883783554006
86,2,3.2733335838526236,1.2733335838526236,2616.9974477751275,5233.994895550255
87,2,3.0655851512280368,1.065585151228037,2876.264029315817,5752.528058631633
88,2,3.0813836987081134,1.0813836987081131,2772.0377617919817,5544.075523583963
89,2,3.027566773370741,1.0275667733707412,2749.5615752592043,5499.123150518408
90,2,2.9496889071232433,0.9496889071232435,2785.55599033241,5571.111980664819
91,2,2.933248876736802,0.9332488767368023,2708.7932141329866,5417.586428265972
92,2,2.793791656590872,0.793791656590872,2761.6745200173664,5523.349040034733
93,2,2.6779529546397596,0.6779529546397598,2808.169422158907,5616.338844317813
94,2,2.616623025288206,0.6166230252882057,2732.89774135094,5465.79548270188
95,2,2.5559021104619415,0.5559021104619415,2811.5180251246607,5623.036050249321
96,2,2.4286989497816758,0.42869894978167566,2878.0829433359663,5756.165886671933
97,2,2.378848713837722,0.37884871383772206,2920.4724213110685,5840.944842622136
98,2,2.4225125350936763,0.42251253509367614,2866.1489695248156,5732.297939049631
99,2,2.4093585011631053,0.4093585011631055,2843.0160353173933,5686.032070634786
